Sat Jan 20 19:25:55 CST 2024

Device Version Info = 1746_0_01
BQZ Device Name = bq27z746
BQZ Firmware Version = 0_01


Sample,DateTime,ElapsedTime,Voltage,Current,LogRowTime(ms),LogStatus
1,2024-01-20 19:25:56,1.013,3906,-1060,35,SUCCESS
2,2024-01-20 19:25:57,2.027,3907,-2859,38,SUCCESS
3,2024-01-20 19:25:58,3.034,3906,-2859,30,SUCCESS
4,2024-01-20 19:25:59,4.046,3906,-2915,36,SUCCESS
5,2024-01-20 19:26:00,5.060,3896,-3478,36,SUCCESS
6,2024-01-20 19:26:01,6.071,3896,-3459,27,SUCCESS
7,2024-01-20 19:26:02,7.084,3895,-3459,27,SUCCESS
8,2024-01-20 19:26:03,8.093,3895,-3452,35,SUCCESS
9,2024-01-20 19:26:04,9.104,3894,-3444,21,SUCCESS
10,2024-01-20 19:26:05,10.117,3894,-3437,26,SUCCESS
11,2024-01-20 19:26:06,11.126,3894,-3433,33,SUCCESS
12,2024-01-20 19:26:07,12.138,3893,-3422,37,SUCCESS
13,2024-01-20 19:26:08,13.148,3893,-3422,24,SUCCESS
14,2024-01-20 19:26:09,14.157,3893,-3415,33,SUCCESS
15,2024-01-20 19:26:10,15.161,3892,-3408,30,SUCCESS
16,2024-01-20 19:26:11,16.170,3892,-3408,34,SUCCESS
17,2024-01-20 19:26:12,17.184,3892,-3400,36,SUCCESS
18,2024-01-20 19:26:13,18.193,3891,-3393,29,SUCCESS
19,2024-01-20 19:26:14,19.200,3891,-3393,36,SUCCESS
20,2024-01-20 19:26:15,20.213,3891,-3389,25,SUCCESS
21,2024-01-20 19:26:16,21.223,3891,-3386,30,SUCCESS
22,2024-01-20 19:26:17,22.234,3890,-3378,33,SUCCESS
23,2024-01-20 19:26:18,23.246,3890,-3375,21,SUCCESS
24,2024-01-20 19:26:19,24.260,3890,-3371,26,SUCCESS
25,2024-01-20 19:26:20,25.270,3890,-3367,30,SUCCESS
26,2024-01-20 19:26:21,26.285,3889,-3364,30,SUCCESS
27,2024-01-20 19:26:22,27.298,3889,-3364,32,SUCCESS
28,2024-01-20 19:26:23,28.308,3889,-3356,21,SUCCESS
29,2024-01-20 19:26:24,29.318,3889,-3352,29,SUCCESS
30,2024-01-20 19:26:25,30.326,3888,-3352,34,SUCCESS
31,2024-01-20 19:26:26,31.333,3888,-3349,29,SUCCESS
32,2024-01-20 19:26:27,32.343,3888,-3345,36,SUCCESS
33,2024-01-20 19:26:28,33.353,3888,-3341,23,SUCCESS
34,2024-01-20 19:26:29,34.367,3888,-3334,26,SUCCESS
35,2024-01-20 19:26:30,35.378,3888,-3338,31,SUCCESS
36,2024-01-20 19:26:31,36.386,3887,-3330,22,SUCCESS
37,2024-01-20 19:26:32,37.397,3887,-3330,27,SUCCESS
38,2024-01-20 19:26:33,38.409,3887,-3327,31,SUCCESS
39,2024-01-20 19:26:34,39.421,3887,-3323,35,SUCCESS
40,2024-01-20 19:26:35,40.800,3886,-3319,30,SUCCESS
41,2024-01-20 19:26:36,41.444,3886,-3319,26,SUCCESS
42,2024-01-20 19:26:37,42.452,3886,-3316,37,SUCCESS
43,2024-01-20 19:26:38,43.464,3886,-3312,22,SUCCESS
44,2024-01-20 19:26:39,44.801,3886,-3305,29,SUCCESS
45,2024-01-20 19:26:40,45.489,3886,-3305,28,SUCCESS
46,2024-01-20 19:26:41,46.498,3885,-3308,37,SUCCESS
47,2024-01-20 19:26:42,47.502,3885,-3301,33,SUCCESS
48,2024-01-20 19:26:43,48.818,3885,-3297,26,SUCCESS
49,2024-01-20 19:26:44,49.519,3885,-3297,30,SUCCESS
50,2024-01-20 19:26:45,50.529,3885,-3290,37,SUCCESS
51,2024-01-20 19:26:46,51.539,3885,-3290,25,SUCCESS
52,2024-01-20 19:26:47,52.821,3884,-3286,24,SUCCESS
53,2024-01-20 19:26:48,53.564,3884,-3286,30,SUCCESS
54,2024-01-20 19:26:49,54.575,3884,-3279,37,SUCCESS
55,2024-01-20 19:26:50,55.587,3884,-3283,24,SUCCESS
56,2024-01-20 19:26:51,56.818,3883,-3275,26,SUCCESS
57,2024-01-20 19:26:52,57.609,3883,-3279,32,SUCCESS
58,2024-01-20 19:26:53,58.622,3883,-3272,39,SUCCESS
59,2024-01-20 19:26:54,59.634,3883,-3275,23,SUCCESS
60,2024-01-20 19:26:55,60.820,3883,-3272,25,SUCCESS
61,2024-01-20 19:26:56,61.649,3883,-3268,26,SUCCESS
62,2024-01-20 19:26:57,62.663,3883,-3268,26,SUCCESS
63,2024-01-20 19:26:58,63.671,3883,-3264,36,SUCCESS
64,2024-01-20 19:26:59,64.820,3883,-3260,25,SUCCESS
65,2024-01-20 19:27:00,65.687,3882,-3264,34,SUCCESS
66,2024-01-20 19:27:01,66.702,3882,-3257,36,SUCCESS
67,2024-01-20 19:27:02,67.716,3882,-3260,35,SUCCESS
68,2024-01-20 19:27:03,68.834,3882,-3253,27,SUCCESS
69,2024-01-20 19:27:04,69.744,3882,-3253,22,SUCCESS
70,2024-01-20 19:27:05,70.759,3882,-3249,27,SUCCESS
71,2024-01-20 19:27:06,71.774,3881,-3253,26,SUCCESS
72,2024-01-20 19:27:08,72.850,3881,-3242,25,SUCCESS
73,2024-01-20 19:27:08,73.789,3881,-3249,26,SUCCESS
74,2024-01-20 19:27:09,74.802,3881,-3242,27,SUCCESS
75,2024-01-20 19:27:10,75.818,3881,-3246,30,SUCCESS
76,2024-01-20 19:27:12,76.866,3881,-3242,25,SUCCESS
77,2024-01-20 19:27:12,77.822,3880,-3242,22,SUCCESS
78,2024-01-20 19:27:13,78.833,3880,-3238,30,SUCCESS
79,2024-01-20 19:27:15,79.847,3880,-3238,30,SUCCESS
80,2024-01-20 19:27:16,80.881,3880,-3235,28,SUCCESS
81,2024-01-20 19:27:17,81.873,3880,-3235,34,SUCCESS
82,2024-01-20 19:27:18,82.889,3880,-3235,33,SUCCESS
83,2024-01-20 19:27:19,83.902,3880,-3231,37,SUCCESS
84,2024-01-20 19:27:20,84.917,3880,-3227,22,SUCCESS
85,2024-01-20 19:27:21,85.932,3880,-3227,23,SUCCESS
86,2024-01-20 19:27:22,86.946,3880,-3224,25,SUCCESS
87,2024-01-20 19:27:23,87.957,3879,-3227,29,SUCCESS
88,2024-01-20 19:27:24,88.971,3879,-3220,30,SUCCESS
89,2024-01-20 19:27:25,89.986,3879,-3227,30,SUCCESS
90,2024-01-20 19:27:26,91.000,3879,-3216,35,SUCCESS
91,2024-01-20 19:27:27,92.015,3879,-3224,34,SUCCESS
92,2024-01-20 19:27:28,93.027,3879,-3216,37,SUCCESS
93,2024-01-20 19:27:29,94.043,3879,-3220,22,SUCCESS
94,2024-01-20 19:27:30,95.058,3879,-3213,24,SUCCESS
95,2024-01-20 19:27:31,96.071,3878,-3216,24,SUCCESS
96,2024-01-20 19:27:32,97.084,3878,-3209,28,SUCCESS
97,2024-01-20 19:27:33,98.100,3878,-3216,26,SUCCESS
98,2024-01-20 19:27:34,99.115,3878,-3205,30,SUCCESS
99,2024-01-20 19:27:35,100.116,3878,-3213,27,SUCCESS
100,2024-01-20 19:27:36,101.126,3878,-3205,32,SUCCESS
101,2024-01-20 19:27:37,102.126,3878,-3209,32,SUCCESS
102,2024-01-20 19:27:38,103.127,3878,-3202,36,SUCCESS
103,2024-01-20 19:27:39,104.142,3878,-3209,38,SUCCESS
104,2024-01-20 19:27:40,105.155,3878,-3198,34,SUCCESS
105,2024-01-20 19:27:41,106.169,3877,-3202,21,SUCCESS
106,2024-01-20 19:27:42,107.184,3877,-3198,36,SUCCESS
107,2024-01-20 19:27:43,108.199,3877,-3205,21,SUCCESS
108,2024-01-20 19:27:44,109.214,3877,-3194,22,SUCCESS
109,2024-01-20 19:27:45,110.225,3877,-3202,28,SUCCESS
110,2024-01-20 19:27:46,111.237,3877,-3194,30,SUCCESS
111,2024-01-20 19:27:47,112.252,3877,-3198,31,SUCCESS
112,2024-01-20 19:27:48,113.267,3876,-3191,30,SUCCESS
113,2024-01-20 19:27:49,114.281,3876,-3194,25,SUCCESS
114,2024-01-20 19:27:50,115.295,3876,-3191,36,SUCCESS
115,2024-01-20 19:27:51,116.310,3876,-3191,20,SUCCESS
116,2024-01-20 19:27:52,117.324,3876,-3191,21,SUCCESS
117,2024-01-20 19:27:53,118.340,3876,-3191,22,SUCCESS
118,2024-01-20 19:27:54,119.353,3876,-3183,40,SUCCESS
119,2024-01-20 19:27:55,120.364,3876,-3187,29,SUCCESS
120,2024-01-20 19:27:56,121.377,3876,-3183,29,SUCCESS
121,2024-01-20 19:27:57,122.391,3876,-3187,34,SUCCESS
122,2024-01-20 19:27:58,123.393,3876,-3183,30,SUCCESS
123,2024-01-20 19:27:59,124.405,3875,-3183,34,SUCCESS
124,2024-01-20 19:28:00,125.420,3875,-3180,33,SUCCESS
125,2024-01-20 19:28:01,126.426,3875,-3180,30,SUCCESS
126,2024-01-20 19:28:02,127.437,3875,-3180,34,SUCCESS
127,2024-01-20 19:28:03,128.451,3875,-3180,36,SUCCESS
128,2024-01-20 19:28:04,129.453,3875,-3176,33,SUCCESS
129,2024-01-20 19:28:05,130.467,3875,-3180,36,SUCCESS
130,2024-01-20 19:28:06,131.481,3875,-3172,37,SUCCESS
131,2024-01-20 19:28:07,132.496,3874,-3176,22,SUCCESS
132,2024-01-20 19:28:08,133.511,3874,-3168,22,SUCCESS
133,2024-01-20 19:28:09,134.525,3874,-3176,24,SUCCESS
134,2024-01-20 19:28:10,135.539,3874,-3168,26,SUCCESS
135,2024-01-20 19:28:11,136.553,3874,-3172,26,SUCCESS
136,2024-01-20 19:28:12,137.569,3874,-3168,26,SUCCESS
137,2024-01-20 19:28:13,138.582,3874,-3168,29,SUCCESS
138,2024-01-20 19:28:14,139.597,3874,-3165,33,SUCCESS
139,2024-01-20 19:28:16,141.005,3874,-3165,29,SUCCESS
140,2024-01-20 19:28:16,141.625,3874,-3165,32,SUCCESS
141,2024-01-20 19:28:17,142.636,3873,-3165,23,SUCCESS
142,2024-01-20 19:28:18,143.643,3873,-3165,30,SUCCESS
143,2024-01-20 19:28:20,145.008,3873,-3161,25,SUCCESS
144,2024-01-20 19:28:20,145.668,3873,-3161,20,SUCCESS
145,2024-01-20 19:28:21,146.683,3873,-3165,22,SUCCESS
146,2024-01-20 19:28:22,147.697,3873,-3157,23,SUCCESS
147,2024-01-20 19:28:24,149.020,3873,-3157,29,SUCCESS
148,2024-01-20 19:28:24,149.714,3873,-3157,21,SUCCESS
149,2024-01-20 19:28:25,150.730,3873,-3161,23,SUCCESS
150,2024-01-20 19:28:26,151.741,3873,-3157,26,SUCCESS
151,2024-01-20 19:28:28,153.021,3872,-3154,27,SUCCESS
152,2024-01-20 19:28:28,153.771,3872,-3154,27,SUCCESS
153,2024-01-20 19:28:29,154.773,3872,-3154,24,SUCCESS
154,2024-01-20 19:28:30,155.786,3872,-3154,27,SUCCESS
155,2024-01-20 19:28:32,157.038,3872,-3150,26,SUCCESS
156,2024-01-20 19:28:32,157.814,3872,-3157,31,SUCCESS
157,2024-01-20 19:28:33,158.827,3872,-3150,35,SUCCESS
158,2024-01-20 19:28:34,159.840,3872,-3154,36,SUCCESS
159,2024-01-20 19:28:36,161.036,3872,-3150,29,SUCCESS
160,2024-01-20 19:28:37,161.860,3871,-3150,32,SUCCESS
161,2024-01-20 19:28:38,162.862,3871,-3146,31,SUCCESS
162,2024-01-20 19:28:39,163.876,3871,-3150,32,SUCCESS
163,2024-01-20 19:28:40,165.053,3871,-3146,26,SUCCESS
164,2024-01-20 19:28:41,165.903,3871,-3146,35,SUCCESS
165,2024-01-20 19:28:42,166.918,3871,-3143,39,SUCCESS
166,2024-01-20 19:28:43,167.931,3871,-3146,23,SUCCESS
167,2024-01-20 19:28:44,169.054,3871,-3143,26,SUCCESS
168,2024-01-20 19:28:45,169.948,3871,-3146,32,SUCCESS
169,2024-01-20 19:28:46,170.949,3871,-3139,22,SUCCESS
170,2024-01-20 19:28:47,171.964,3871,-3146,22,SUCCESS
171,2024-01-20 19:28:48,173.053,3870,-3139,28,SUCCESS
172,2024-01-20 19:28:49,173.975,3871,-3143,27,SUCCESS
173,2024-01-20 19:28:50,174.987,3870,-3139,32,SUCCESS
174,2024-01-20 19:28:51,175.998,3870,-3139,35,SUCCESS
175,2024-01-20 19:28:52,177.054,3870,-3135,24,SUCCESS
176,2024-01-20 19:28:53,178.003,3870,-3139,30,SUCCESS
177,2024-01-20 19:28:54,179.017,3870,-3135,31,SUCCESS
178,2024-01-20 19:28:55,180.020,3870,-3139,27,SUCCESS
179,2024-01-20 19:28:56,181.068,3870,-3135,26,SUCCESS
180,2024-01-20 19:28:57,182.024,3870,-3135,24,SUCCESS
181,2024-01-20 19:28:58,183.038,3869,-3132,27,SUCCESS
182,2024-01-20 19:28:59,184.041,3869,-3135,23,SUCCESS
183,2024-01-20 19:29:00,185.069,3869,-3132,28,SUCCESS
184,2024-01-20 19:29:01,186.068,3869,-3135,27,SUCCESS
185,2024-01-20 19:29:02,187.083,3869,-3132,29,SUCCESS
186,2024-01-20 19:29:03,188.096,3869,-3132,30,SUCCESS
187,2024-01-20 19:29:04,189.100,3869,-3132,27,SUCCESS
188,2024-01-20 19:29:05,190.101,3869,-3128,27,SUCCESS
189,2024-01-20 19:29:06,191.116,3869,-3132,27,SUCCESS
190,2024-01-20 19:29:07,192.130,3869,-3132,28,SUCCESS
191,2024-01-20 19:29:08,193.130,3869,-3128,27,SUCCESS
192,2024-01-20 19:29:09,194.143,3869,-3128,31,SUCCESS
193,2024-01-20 19:29:10,195.159,3869,-3128,31,SUCCESS
194,2024-01-20 19:29:11,196.171,3868,-3124,36,SUCCESS
195,2024-01-20 19:29:12,197.172,3868,-3132,33,SUCCESS
196,2024-01-20 19:29:13,198.186,3868,-3124,34,SUCCESS
197,2024-01-20 19:29:14,199.201,3868,-3124,34,SUCCESS
198,2024-01-20 19:29:15,200.214,3868,-3124,22,SUCCESS
199,2024-01-20 19:29:16,201.229,3868,-3124,22,SUCCESS
200,2024-01-20 19:29:17,202.242,3868,-3121,27,SUCCESS
201,2024-01-20 19:29:18,203.255,3868,-3121,28,SUCCESS
202,2024-01-20 19:29:19,204.271,3868,-3124,28,SUCCESS
203,2024-01-20 19:29:20,205.283,3868,-3117,32,SUCCESS
204,2024-01-20 19:29:21,206.292,3867,-3121,24,SUCCESS
205,2024-01-20 19:29:22,207.302,3868,-3121,28,SUCCESS
206,2024-01-20 19:29:23,208.317,3867,-3121,29,SUCCESS
207,2024-01-20 19:29:24,209.332,3867,-3117,29,SUCCESS
208,2024-01-20 19:29:25,210.345,3867,-3117,31,SUCCESS
209,2024-01-20 19:29:26,211.359,3867,-3117,32,SUCCESS
210,2024-01-20 19:29:27,212.374,3867,-3113,36,SUCCESS
211,2024-01-20 19:29:28,213.388,3867,-3121,36,SUCCESS
212,2024-01-20 19:29:29,214.402,3867,-3113,20,SUCCESS
213,2024-01-20 19:29:30,215.403,3867,-3113,35,SUCCESS
214,2024-01-20 19:29:31,216.406,3867,-3113,34,SUCCESS
215,2024-01-20 19:29:32,217.419,3867,-3113,36,SUCCESS
216,2024-01-20 19:29:33,218.435,3867,-3113,35,SUCCESS
217,2024-01-20 19:29:34,219.448,3867,-3113,22,SUCCESS
218,2024-01-20 19:29:35,220.463,3867,-3110,25,SUCCESS
219,2024-01-20 19:29:36,221.478,3866,-3113,24,SUCCESS
220,2024-01-20 19:29:37,222.489,3866,-3110,28,SUCCESS
221,2024-01-20 19:29:38,223.500,3866,-3113,34,SUCCESS
222,2024-01-20 19:29:39,224.501,3866,-3106,33,SUCCESS
223,2024-01-20 19:29:40,225.515,3866,-3110,34,SUCCESS
224,2024-01-20 19:29:41,226.516,3866,-3110,32,SUCCESS
225,2024-01-20 19:29:42,227.517,3866,-3110,32,SUCCESS
226,2024-01-20 19:29:43,228.526,3866,-3106,23,SUCCESS
227,2024-01-20 19:29:44,229.538,3866,-3106,26,SUCCESS
228,2024-01-20 19:29:45,230.552,3866,-3106,28,SUCCESS
229,2024-01-20 19:29:46,231.552,3866,-3106,26,SUCCESS
230,2024-01-20 19:29:47,232.553,3865,-3106,26,SUCCESS
231,2024-01-20 19:29:48,233.564,3865,-3106,31,SUCCESS
232,2024-01-20 19:29:49,234.578,3865,-3102,33,SUCCESS
233,2024-01-20 19:29:50,235.580,3865,-3102,38,SUCCESS
234,2024-01-20 19:29:51,236.594,3865,-3102,33,SUCCESS
235,2024-01-20 19:29:52,237.595,3865,-3106,31,SUCCESS
236,2024-01-20 19:29:53,238.603,3865,-3102,23,SUCCESS
237,2024-01-20 19:29:54,239.617,3865,-3110,27,SUCCESS
238,2024-01-20 19:29:55,240.632,3865,-3099,27,SUCCESS
239,2024-01-20 19:29:56,241.638,3865,-3102,35,SUCCESS
240,2024-01-20 19:29:57,242.649,3865,-3099,24,SUCCESS
241,2024-01-20 19:29:58,243.651,3865,-3102,21,SUCCESS
242,2024-01-20 19:29:59,244.661,3865,-3099,28,SUCCESS
243,2024-01-20 19:30:00,245.661,3864,-3102,25,SUCCESS
244,2024-01-20 19:30:01,246.675,3864,-3095,34,SUCCESS
245,2024-01-20 19:30:02,247.677,3864,-3099,28,SUCCESS
246,2024-01-20 19:30:03,248.676,3864,-3095,29,SUCCESS
247,2024-01-20 19:30:04,249.690,3864,-3099,30,SUCCESS
248,2024-01-20 19:30:05,250.690,3864,-3095,31,SUCCESS
249,2024-01-20 19:30:06,251.704,3864,-3099,31,SUCCESS
250,2024-01-20 19:30:07,252.715,3864,-3091,37,SUCCESS
251,2024-01-20 19:30:08,253.727,3864,-3099,24,SUCCESS
252,2024-01-20 19:30:09,254.728,3864,-3091,23,SUCCESS
253,2024-01-20 19:30:10,255.740,3864,-3095,29,SUCCESS
254,2024-01-20 19:30:11,256.754,3864,-3091,29,SUCCESS
255,2024-01-20 19:30:12,257.768,3864,-3091,32,SUCCESS
256,2024-01-20 19:30:13,258.783,3864,-3091,23,SUCCESS
257,2024-01-20 19:30:14,259.798,3863,-3095,31,SUCCESS
258,2024-01-20 19:30:15,260.813,3863,-3084,34,SUCCESS
259,2024-01-20 19:30:16,261.828,3863,-3091,33,SUCCESS
260,2024-01-20 19:30:17,262.843,3863,-3088,39,SUCCESS
261,2024-01-20 19:30:19,263.857,3863,-3091,35,SUCCESS
262,2024-01-20 19:30:20,265.241,3863,-3088,26,SUCCESS
263,2024-01-20 19:30:21,265.886,3863,-3088,23,SUCCESS
264,2024-01-20 19:30:22,266.901,3863,-3088,24,SUCCESS
265,2024-01-20 19:30:23,267.915,3863,-3088,24,SUCCESS
266,2024-01-20 19:30:24,269.239,3863,-3088,28,SUCCESS
267,2024-01-20 19:30:25,269.929,3863,-3088,26,SUCCESS
268,2024-01-20 19:30:26,270.943,3862,-3084,27,SUCCESS
269,2024-01-20 19:30:27,271.952,3862,-3088,33,SUCCESS
270,2024-01-20 19:30:28,273.241,3862,-3084,26,SUCCESS
271,2024-01-20 19:30:29,273.981,3862,-3084,35,SUCCESS
272,2024-01-20 19:30:30,274.995,3862,-3084,23,SUCCESS
273,2024-01-20 19:30:31,276.010,3862,-3084,23,SUCCESS
274,2024-01-20 19:30:32,277.257,3862,-3084,26,SUCCESS
275,2024-01-20 19:30:33,278.036,3862,-3084,28,SUCCESS
276,2024-01-20 19:30:34,279.051,3862,-3076,30,SUCCESS
277,2024-01-20 19:30:35,280.064,3862,-3084,30,SUCCESS
278,2024-01-20 19:30:36,281.268,3862,-3084,30,SUCCESS
279,2024-01-20 19:30:37,282.087,3862,-3084,24,SUCCESS
280,2024-01-20 19:30:38,283.103,3862,-3076,24,SUCCESS
281,2024-01-20 19:30:39,284.116,3862,-3076,27,SUCCESS
282,2024-01-20 19:30:40,285.271,3861,-3080,27,SUCCESS
283,2024-01-20 19:30:41,286.142,3861,-3076,31,SUCCESS
284,2024-01-20 19:30:42,287.151,3861,-3080,22,SUCCESS
285,2024-01-20 19:30:43,288.158,3861,-3076,32,SUCCESS
286,2024-01-20 19:30:44,289.291,3861,-3080,24,SUCCESS
287,2024-01-20 19:30:45,290.187,3861,-3073,38,SUCCESS
288,2024-01-20 19:30:46,291.202,3861,-3073,33,SUCCESS
289,2024-01-20 19:30:47,292.215,3861,-3073,36,SUCCESS
290,2024-01-20 19:30:48,293.283,3861,-3076,32,SUCCESS
291,2024-01-20 19:30:49,294.231,3861,-3069,36,SUCCESS
292,2024-01-20 19:30:50,295.245,3861,-3076,22,SUCCESS
293,2024-01-20 19:30:51,296.257,3861,-3069,27,SUCCESS
294,2024-01-20 19:30:52,297.299,3860,-3073,31,SUCCESS
295,2024-01-20 19:30:53,298.259,3861,-3073,22,SUCCESS
296,2024-01-20 19:30:54,299.274,3861,-3073,26,SUCCESS
297,2024-01-20 19:30:55,300.287,3860,-3069,26,SUCCESS
298,2024-01-20 19:30:56,301.315,3860,-3073,32,SUCCESS
299,2024-01-20 19:30:57,302.315,3860,-3069,31,SUCCESS
300,2024-01-20 19:30:58,303.326,3860,-3069,36,SUCCESS
301,2024-01-20 19:30:59,304.336,3860,-3065,27,SUCCESS
302,2024-01-20 19:31:00,305.348,3860,-3073,29,SUCCESS
303,2024-01-20 19:31:01,306.350,3860,-3062,28,SUCCESS
304,2024-01-20 19:31:02,307.360,3860,-3069,33,SUCCESS
305,2024-01-20 19:31:03,308.375,3860,-3065,32,SUCCESS
306,2024-01-20 19:31:04,309.388,3860,-3065,35,SUCCESS
307,2024-01-20 19:31:05,310.404,3860,-3065,35,SUCCESS
308,2024-01-20 19:31:06,311.405,3860,-3069,34,SUCCESS
309,2024-01-20 19:31:07,312.407,3860,-3062,31,SUCCESS
310,2024-01-20 19:31:08,313.408,3859,-3065,30,SUCCESS
311,2024-01-20 19:31:09,314.413,3859,-2738,29,SUCCESS
312,2024-01-20 19:31:10,315.416,3891,-824,25,SUCCESS
313,2024-01-20 19:31:11,316.417,3892,-821,23,SUCCESS
314,2024-01-20 19:31:12,317.432,3892,-824,23,SUCCESS
315,2024-01-20 19:31:13,318.443,3893,-817,30,SUCCESS
316,2024-01-20 19:31:14,319.457,3893,-887,31,SUCCESS
317,2024-01-20 19:31:15,320.457,3882,-1649,30,SUCCESS
318,2024-01-20 19:31:16,321.458,3882,-1652,29,SUCCESS
319,2024-01-20 19:31:17,322.470,3882,-1645,32,SUCCESS
320,2024-01-20 19:31:18,323.470,3882,-1652,31,SUCCESS
321,2024-01-20 19:31:19,324.473,3882,-1645,28,SUCCESS
322,2024-01-20 19:31:20,325.486,3878,-1980,32,SUCCESS
323,2024-01-20 19:31:21,326.501,3877,-1972,33,SUCCESS
324,2024-01-20 19:31:22,327.516,3878,-1980,33,SUCCESS
325,2024-01-20 19:31:23,328.529,3878,-1969,36,SUCCESS
326,2024-01-20 19:31:24,329.530,3878,-1972,33,SUCCESS
327,2024-01-20 19:31:25,330.531,3871,-2576,34,SUCCESS
328,2024-01-20 19:31:26,331.532,3869,-2598,33,SUCCESS
329,2024-01-20 19:31:27,332.533,3869,-2583,31,SUCCESS
330,2024-01-20 19:31:28,333.548,3869,-2576,32,SUCCESS
331,2024-01-20 19:31:29,334.563,3868,-2569,34,SUCCESS
332,2024-01-20 19:31:30,335.573,3866,-3032,25,SUCCESS
333,2024-01-20 19:31:31,336.587,3861,-3110,25,SUCCESS
334,2024-01-20 19:31:32,337.603,3860,-3113,25,SUCCESS
335,2024-01-20 19:31:33,338.605,3860,-3099,21,SUCCESS
336,2024-01-20 19:31:34,339.619,3860,-3102,25,SUCCESS
337,2024-01-20 19:31:35,340.634,3860,-3099,24,SUCCESS
338,2024-01-20 19:31:36,341.648,3860,-3099,24,SUCCESS
339,2024-01-20 19:31:37,342.663,3859,-3088,27,SUCCESS
340,2024-01-20 19:31:38,343.674,3859,-3095,33,SUCCESS
341,2024-01-20 19:31:39,344.676,3859,-3088,29,SUCCESS
342,2024-01-20 19:31:40,345.691,3859,-3088,30,SUCCESS
343,2024-01-20 19:31:41,346.693,3859,-3084,27,SUCCESS
344,2024-01-20 19:31:42,347.707,3859,-3084,29,SUCCESS
345,2024-01-20 19:31:43,348.721,3859,-3080,31,SUCCESS
346,2024-01-20 19:31:44,349.733,3859,-3084,35,SUCCESS
347,2024-01-20 19:31:45,350.744,3859,-3080,24,SUCCESS
348,2024-01-20 19:31:46,351.745,3859,-3080,22,SUCCESS
349,2024-01-20 19:31:47,352.756,3858,-3076,27,SUCCESS
350,2024-01-20 19:31:48,353.768,3858,-3076,31,SUCCESS
351,2024-01-20 19:31:49,354.772,3858,-3073,24,SUCCESS
352,2024-01-20 19:31:50,355.785,3858,-3073,29,SUCCESS
353,2024-01-20 19:31:51,356.799,3858,-3069,32,SUCCESS
354,2024-01-20 19:31:52,357.814,3858,-3073,31,SUCCESS
355,2024-01-20 19:31:53,358.827,3858,-3069,34,SUCCESS
356,2024-01-20 19:31:54,359.841,3858,-3069,35,SUCCESS
357,2024-01-20 19:31:55,360.843,3858,-3065,33,SUCCESS
358,2024-01-20 19:31:57,361.856,3857,-3069,35,SUCCESS
359,2024-01-20 19:31:58,362.870,3857,-3065,22,SUCCESS
360,2024-01-20 19:31:59,363.884,3858,-3062,25,SUCCESS
361,2024-01-20 19:32:00,364.898,3857,-3065,26,SUCCESS
362,2024-01-20 19:32:01,365.898,3857,-3062,25,SUCCESS
363,2024-01-20 19:32:02,366.908,3857,-3062,32,SUCCESS
364,2024-01-20 19:32:03,367.920,3857,-3062,36,SUCCESS
365,2024-01-20 19:32:04,368.921,3857,-3062,32,SUCCESS
366,2024-01-20 19:32:05,369.936,3857,-3058,36,SUCCESS
367,2024-01-20 19:32:06,370.937,3857,-3058,32,SUCCESS
368,2024-01-20 19:32:07,371.952,3857,-3058,33,SUCCESS
369,2024-01-20 19:32:08,372.952,3857,-3054,36,SUCCESS
370,2024-01-20 19:32:09,373.965,3857,-3058,21,SUCCESS
371,2024-01-20 19:32:10,374.978,3857,-3054,23,SUCCESS
372,2024-01-20 19:32:11,375.990,3857,-3054,27,SUCCESS
373,2024-01-20 19:32:12,376.993,3857,-3054,23,SUCCESS
374,2024-01-20 19:32:13,377.996,3857,-3051,37,SUCCESS
375,2024-01-20 19:32:14,379.009,3856,-3051,24,SUCCESS
376,2024-01-20 19:32:15,380.011,3857,-3051,21,SUCCESS
377,2024-01-20 19:32:16,381.022,3856,-3051,26,SUCCESS
378,2024-01-20 19:32:17,382.036,3856,-3051,27,SUCCESS
379,2024-01-20 19:32:18,383.046,3856,-3047,35,SUCCESS
380,2024-01-20 19:32:19,384.061,3856,-3043,36,SUCCESS
381,2024-01-20 19:32:20,385.063,3856,-3051,33,SUCCESS
382,2024-01-20 19:32:21,386.077,3856,-3043,34,SUCCESS
383,2024-01-20 19:32:22,387.078,3856,-3047,33,SUCCESS
384,2024-01-20 19:32:23,388.091,3856,-3043,36,SUCCESS
385,2024-01-20 19:32:24,389.473,3856,-3043,27,SUCCESS
386,2024-01-20 19:32:25,390.120,3856,-3043,22,SUCCESS
387,2024-01-20 19:32:26,391.123,3856,-3043,35,SUCCESS
388,2024-01-20 19:32:27,392.138,3855,-3043,35,SUCCESS
389,2024-01-20 19:32:28,393.491,3855,-3040,26,SUCCESS
390,2024-01-20 19:32:29,394.151,3855,-3040,22,SUCCESS
391,2024-01-20 19:32:30,395.165,3855,-3043,24,SUCCESS
392,2024-01-20 19:32:31,396.178,3855,-3040,28,SUCCESS
393,2024-01-20 19:32:32,397.489,3855,-3040,28,SUCCESS
394,2024-01-20 19:32:33,398.205,3855,-3040,32,SUCCESS
395,2024-01-20 19:32:34,399.219,3855,-3040,34,SUCCESS
396,2024-01-20 19:32:35,400.223,3855,-3032,28,SUCCESS
397,2024-01-20 19:32:36,401.504,3855,-3032,30,SUCCESS
398,2024-01-20 19:32:37,402.250,3855,-3032,31,SUCCESS
399,2024-01-20 19:32:38,403.265,3855,-3036,26,SUCCESS
400,2024-01-20 19:32:39,404.278,3855,-3036,36,SUCCESS
401,2024-01-20 19:32:40,405.512,3855,-3029,22,SUCCESS
402,2024-01-20 19:32:41,406.306,3855,-3029,24,SUCCESS
403,2024-01-20 19:32:42,407.307,3854,-3040,23,SUCCESS
404,2024-01-20 19:32:43,408.319,3854,-3029,28,SUCCESS
405,2024-01-20 19:32:44,409.522,3854,-3032,26,SUCCESS
406,2024-01-20 19:32:45,410.332,3854,-3032,28,SUCCESS
407,2024-01-20 19:32:46,411.335,3854,-3032,26,SUCCESS
408,2024-01-20 19:32:47,412.350,3854,-3029,28,SUCCESS
409,2024-01-20 19:32:48,413.517,3854,-3025,31,SUCCESS
410,2024-01-20 19:32:49,414.377,3854,-3025,32,SUCCESS
411,2024-01-20 19:32:50,415.390,3854,-3032,34,SUCCESS
412,2024-01-20 19:32:51,416.403,3854,-3029,34,SUCCESS
413,2024-01-20 19:32:52,417.520,3854,-3021,29,SUCCESS
414,2024-01-20 19:32:53,418.431,3854,-3021,25,SUCCESS
415,2024-01-20 19:32:54,419.445,3854,-3029,24,SUCCESS
416,2024-01-20 19:32:55,420.458,3854,-3029,27,SUCCESS
417,2024-01-20 19:32:56,421.535,3854,-3021,28,SUCCESS
418,2024-01-20 19:32:57,422.462,3854,-3025,24,SUCCESS
419,2024-01-20 19:32:58,423.476,3853,-3021,25,SUCCESS
420,2024-01-20 19:32:59,424.491,3853,-3025,27,SUCCESS
421,2024-01-20 19:33:00,425.552,3853,-3021,28,SUCCESS
422,2024-01-20 19:33:01,426.517,3853,-3025,30,SUCCESS
423,2024-01-20 19:33:02,427.530,3853,-3018,35,SUCCESS
424,2024-01-20 19:33:03,428.543,3853,-3025,36,SUCCESS
425,2024-01-20 19:33:04,429.555,3853,-3018,25,SUCCESS
426,2024-01-20 19:33:05,430.565,3853,-3021,32,SUCCESS
427,2024-01-20 19:33:06,431.586,3853,-3018,26,SUCCESS
428,2024-01-20 19:33:07,432.587,3853,-3021,24,SUCCESS
429,2024-01-20 19:33:08,433.599,3853,-3014,27,SUCCESS
430,2024-01-20 19:33:09,434.601,3853,-3021,24,SUCCESS
431,2024-01-20 19:33:10,435.603,3853,-3014,23,SUCCESS
432,2024-01-20 19:33:11,436.603,3852,-3018,24,SUCCESS
433,2024-01-20 19:33:12,437.617,3852,-3014,24,SUCCESS
434,2024-01-20 19:33:13,438.631,3853,-3018,28,SUCCESS
435,2024-01-20 19:33:14,439.646,3853,-3010,27,SUCCESS
436,2024-01-20 19:33:15,440.661,3852,-3018,28,SUCCESS
437,2024-01-20 19:33:16,441.663,3852,-3007,27,SUCCESS
438,2024-01-20 19:33:17,442.678,3852,-3018,26,SUCCESS
439,2024-01-20 19:33:18,443.691,3852,-3007,30,SUCCESS
440,2024-01-20 19:33:19,444.706,3852,-3018,29,SUCCESS
441,2024-01-20 19:33:20,445.707,3852,-3010,28,SUCCESS
442,2024-01-20 19:33:21,446.721,3852,-3014,31,SUCCESS
443,2024-01-20 19:33:22,447.721,3852,-3007,30,SUCCESS
444,2024-01-20 19:33:23,448.734,3852,-3010,35,SUCCESS
445,2024-01-20 19:33:24,449.747,3852,-3010,35,SUCCESS
446,2024-01-20 19:33:25,450.748,3852,-3010,35,SUCCESS
447,2024-01-20 19:33:26,451.763,3852,-3007,35,SUCCESS
448,2024-01-20 19:33:27,452.763,3852,-3014,36,SUCCESS
449,2024-01-20 19:33:28,453.777,3852,-3003,22,SUCCESS
450,2024-01-20 19:33:29,454.792,3852,-3007,23,SUCCESS
451,2024-01-20 19:33:30,455.805,3852,-3003,26,SUCCESS
452,2024-01-20 19:33:31,456.806,3851,-3010,24,SUCCESS
453,2024-01-20 19:33:32,457.822,3851,-3003,24,SUCCESS
454,2024-01-20 19:33:33,458.836,3851,-3007,24,SUCCESS
455,2024-01-20 19:33:34,459.836,3851,-3003,24,SUCCESS
456,2024-01-20 19:33:36,460.851,3851,-3007,24,SUCCESS
457,2024-01-20 19:33:37,461.856,3851,-2999,22,SUCCESS
458,2024-01-20 19:33:38,462.856,3851,-3007,21,SUCCESS
459,2024-01-20 19:33:39,463.865,3851,-2999,26,SUCCESS
460,2024-01-20 19:33:40,464.866,3851,-3007,25,SUCCESS
461,2024-01-20 19:33:41,465.869,3851,-2999,22,SUCCESS
462,2024-01-20 19:33:42,466.869,3851,-3003,23,SUCCESS
463,2024-01-20 19:33:43,467.884,3851,-2999,24,SUCCESS
464,2024-01-20 19:33:44,468.895,3851,-3003,29,SUCCESS
465,2024-01-20 19:33:45,469.905,3851,-2996,36,SUCCESS
466,2024-01-20 19:33:46,470.905,3851,-2999,34,SUCCESS
467,2024-01-20 19:33:47,471.919,3851,-2996,35,SUCCESS
468,2024-01-20 19:33:48,472.935,3851,-3003,35,SUCCESS
469,2024-01-20 19:33:49,473.943,3850,-2996,26,SUCCESS
470,2024-01-20 19:33:50,474.957,3850,-2999,30,SUCCESS
471,2024-01-20 19:33:51,475.972,3850,-2999,29,SUCCESS
472,2024-01-20 19:33:52,476.972,3850,-2996,30,SUCCESS
473,2024-01-20 19:33:53,477.973,3850,-2996,30,SUCCESS
474,2024-01-20 19:33:54,478.984,3850,-2996,34,SUCCESS
475,2024-01-20 19:33:55,479.997,3850,-2996,35,SUCCESS
476,2024-01-20 19:33:56,481.000,3850,-2996,33,SUCCESS
477,2024-01-20 19:33:57,482.014,3850,-2992,37,SUCCESS
478,2024-01-20 19:33:58,483.014,3850,-2996,34,SUCCESS
479,2024-01-20 19:33:59,484.017,3850,-2988,34,SUCCESS
480,2024-01-20 19:34:00,485.032,3850,-2996,38,SUCCESS
481,2024-01-20 19:34:01,486.045,3850,-2988,34,SUCCESS
482,2024-01-20 19:34:02,487.060,3850,-2992,35,SUCCESS
483,2024-01-20 19:34:03,488.062,3850,-2988,33,SUCCESS
484,2024-01-20 19:34:04,489.063,3850,-2988,31,SUCCESS
485,2024-01-20 19:34:05,490.074,3850,-2988,23,SUCCESS
486,2024-01-20 19:34:06,491.088,3850,-2992,23,SUCCESS
487,2024-01-20 19:34:07,492.103,3850,-2984,25,SUCCESS
488,2024-01-20 19:34:08,493.106,3850,-2992,36,SUCCESS
489,2024-01-20 19:34:09,494.117,3849,-2984,24,SUCCESS
490,2024-01-20 19:34:10,495.132,3850,-2988,27,SUCCESS
491,2024-01-20 19:34:11,496.147,3850,-2984,26,SUCCESS
492,2024-01-20 19:34:12,497.162,3849,-2988,25,SUCCESS
493,2024-01-20 19:34:13,498.176,3849,-2984,29,SUCCESS
494,2024-01-20 19:34:14,499.191,3849,-2984,29,SUCCESS
495,2024-01-20 19:34:15,500.203,3849,-2981,35,SUCCESS
496,2024-01-20 19:34:16,501.218,3849,-2988,32,SUCCESS
497,2024-01-20 19:34:17,502.233,3849,-2981,35,SUCCESS
498,2024-01-20 19:34:18,503.248,3849,-2984,34,SUCCESS
499,2024-01-20 19:34:19,504.262,3849,-2981,21,SUCCESS
500,2024-01-20 19:34:20,505.275,3849,-2981,23,SUCCESS
501,2024-01-20 19:34:21,506.289,3849,-2981,26,SUCCESS
502,2024-01-20 19:34:22,507.290,3849,-2981,23,SUCCESS
503,2024-01-20 19:34:23,508.291,3849,-2981,23,SUCCESS
504,2024-01-20 19:34:24,509.304,3849,-2984,27,SUCCESS
505,2024-01-20 19:34:25,510.317,3849,-2977,28,SUCCESS
506,2024-01-20 19:34:26,511.327,3849,-2981,35,SUCCESS
507,2024-01-20 19:34:27,512.330,3848,-2977,24,SUCCESS
508,2024-01-20 19:34:28,513.344,3849,-2984,33,SUCCESS
509,2024-01-20 19:34:29,514.359,3848,-2977,34,SUCCESS
510,2024-01-20 19:34:30,515.359,3848,-2981,33,SUCCESS
511,2024-01-20 19:34:31,516.360,3848,-2973,33,SUCCESS
512,2024-01-20 19:34:32,517.756,3848,-2973,27,SUCCESS
513,2024-01-20 19:34:33,518.389,3848,-2973,35,SUCCESS
514,2024-01-20 19:34:34,519.403,3848,-2977,35,SUCCESS
515,2024-01-20 19:34:35,520.404,3848,-2973,35,SUCCESS
516,2024-01-20 19:34:36,521.755,3848,-2973,28,SUCCESS
517,2024-01-20 19:34:37,522.408,3848,-2973,30,SUCCESS
518,2024-01-20 19:34:38,523.408,3848,-2977,31,SUCCESS
519,2024-01-20 19:34:39,524.422,3848,-2973,32,SUCCESS
520,2024-01-20 19:34:40,525.755,3848,-2970,28,SUCCESS
521,2024-01-20 19:34:41,526.437,3848,-2970,34,SUCCESS
522,2024-01-20 19:34:42,527.449,3848,-2977,22,SUCCESS
523,2024-01-20 19:34:43,528.463,3848,-2970,23,SUCCESS
524,2024-01-20 19:34:44,529.754,3847,-2970,29,SUCCESS
525,2024-01-20 19:34:45,530.491,3847,-2970,26,SUCCESS
526,2024-01-20 19:34:46,531.505,3848,-2977,27,SUCCESS
527,2024-01-20 19:34:47,532.520,3847,-2970,27,SUCCESS
528,2024-01-20 19:34:48,533.771,3847,-2970,27,SUCCESS
529,2024-01-20 19:34:49,534.544,3847,-2970,36,SUCCESS
530,2024-01-20 19:34:50,535.555,3847,-2970,24,SUCCESS
531,2024-01-20 19:34:51,536.567,3847,-2966,27,SUCCESS
532,2024-01-20 19:34:52,537.772,3847,-2966,26,SUCCESS
533,2024-01-20 19:34:53,538.597,3847,-2966,29,SUCCESS
534,2024-01-20 19:34:54,539.611,3847,-2970,32,SUCCESS
535,2024-01-20 19:34:55,540.625,3847,-2966,33,SUCCESS
